I'm sorry, but errors were detected in your script. Please correct the
errors listed below, and try again.


File "game/intro.rpy", line 60: Only one say menuitem may exist per menu.
    vcentered "Test"
                    ^

Ren'Py Version: Ren'Py 7.1.0.882
Sun Sep 30 02:10:02 2018
